The following values were not passed to `accelerate launch` and had defaults used instead:
	`--num_machines` was set to a value of `1`
	`--dynamo_backend` was set to a value of `'no'`
To avoid this warning pass in values for each of the problematic parameters or run `accelerate config`.
Detected kernel version 5.4.0, which is below the recommended minimum of 5.5.0; this can cause the process to hang. It is recommended to upgrade the kernel to the minimum version or higher.
Traceback (most recent call last):
  File "/host/space0/guo-z/tf-ufi/runtime/diffsynth_training_v0_899d2cd_bundle/examples/wanvideo/model_training/train.py", line 154, in <module>
    "input_audio": ToAbsolutePath(args.dataset_base_path) >> LoadAudio(sr=16000),
                                                             ^^^^^^^^^^^^^^^^^^^
  File "/host/space0/guo-z/tf-ufi/runtime/diffsynth_training_v0_899d2cd_bundle/diffsynth/core/data/operators.py", line 281, in __init__
    import librosa
ModuleNotFoundError: No module named 'librosa'
Traceback (most recent call last):
  File "<frozen runpy>", line 198, in _run_module_as_main
  File "<frozen runpy>", line 88, in _run_code
  File "/host/home/yanai-lab/Sotsuken24/guo-z/.conda/envs/sam3_env/lib/python3.12/site-packages/accelerate/commands/launch.py", line 1184, in <module>
    main()
  File "/host/home/yanai-lab/Sotsuken24/guo-z/.conda/envs/sam3_env/lib/python3.12/site-packages/accelerate/commands/launch.py", line 1180, in main
    launch_command(args)
  File "/host/home/yanai-lab/Sotsuken24/guo-z/.conda/envs/sam3_env/lib/python3.12/site-packages/accelerate/commands/launch.py", line 1174, in launch_command
    simple_launcher(args)
  File "/host/home/yanai-lab/Sotsuken24/guo-z/.conda/envs/sam3_env/lib/python3.12/site-packages/accelerate/commands/launch.py", line 769, in simple_launcher
    raise subprocess.CalledProcessError(returncode=process.returncode, cmd=cmd)
subprocess.CalledProcessError: Command '['/host/space0/guo-z/envs/geoedit/bin/python', '/host/space0/guo-z/tf-ufi/runtime/diffsynth_training_v0_899d2cd_bundle/examples/wanvideo/model_training/train.py', '--dataset_base_path', '/tmp/foodstateedit_day7_adapter_v0_smoke_dataset_v2', '--dataset_metadata_path', '/tmp/foodstateedit_day7_adapter_v0_smoke_dataset_v2/metadata.csv', '--dataset_repeat', '1', '--dataset_num_workers', '0', '--data_file_keys', 'video,vace_video,vace_reference_image', '--max_pixels', '153600', '--num_frames', '21', '--model_paths', '["/host/space0/guo-z/models/PAI/Wan2.2-VACE-Fun-A14B/high_noise_model/diffusion_pytorch_model.safetensors", "/host/space0/guo-z/models/PAI/Wan2.2-VACE-Fun-A14B/models_t5_umt5-xxl-enc-bf16.pth", "/host/space0/guo-z/models/PAI/Wan2.2-VACE-Fun-A14B/Wan2.1_VAE.pth"]', '--tokenizer_path', '/host/space0/guo-z/models/PAI/Wan2.2-VACE-Fun-A14B/google/umt5-xxl', '--learning_rate', '0.0001', '--weight_decay', '0.01', '--num_epochs', '1', '--save_steps', '1', '--remove_prefix_in_ckpt', 'pipe.vace.', '--output_path', '/tmp/foodstateedit_day7_adapter_v0_high_noise_lora_smoke_v1', '--lora_base_model', 'vace', '--lora_target_modules', 'q,k,v,o,ffn.0,ffn.2', '--lora_rank', '8', '--extra_inputs', 'vace_video,vace_reference_image', '--task', 'sft', '--max_timestep_boundary', '0.358', '--min_timestep_boundary', '0.0', '--use_gradient_checkpointing_offload', '--enable_model_cpu_offload']' returned non-zero exit status 1.
