Loading models from: "/host/space0/guo-z/models/PAI/Wan2.2-VACE-Fun-A14B/high_noise_model/diffusion_pytorch_model.safetensors"
Loaded model: {
    "model_name": "wan_video_dit",
    "model_class": "diffsynth.models.wan_video_dit.WanModel",
    "extra_kwargs": {
        "has_image_input": false,
        "patch_size": [
            1,
            2,
            2
        ],
        "in_dim": 16,
        "dim": 5120,
        "ffn_dim": 13824,
        "freq_dim": 256,
        "text_dim": 4096,
        "out_dim": 16,
        "num_heads": 40,
        "num_layers": 40,
        "eps": 1e-06
    }
}
Loaded model: {
    "model_name": "wan_video_vace",
    "model_class": "diffsynth.models.wan_video_vace.VaceWanModel",
    "extra_kwargs": {
        "vace_layers": [
            0,
            5,
            10,
            15,
            20,
            25,
            30,
            35
        ],
        "vace_in_dim": 96,
        "patch_size": [
            1,
            2,
            2
        ],
        "has_image_input": false,
        "dim": 5120,
        "num_heads": 40,
        "ffn_dim": 13824,
        "eps": 1e-06
    }
}
Loading models from: "/host/space0/guo-z/models/PAI/Wan2.2-VACE-Fun-A14B/low_noise_model/diffusion_pytorch_model.safetensors"
Loaded model: {
    "model_name": "wan_video_dit",
    "model_class": "diffsynth.models.wan_video_dit.WanModel",
    "extra_kwargs": {
        "has_image_input": false,
        "patch_size": [
            1,
            2,
            2
        ],
        "in_dim": 16,
        "dim": 5120,
        "ffn_dim": 13824,
        "freq_dim": 256,
        "text_dim": 4096,
        "out_dim": 16,
        "num_heads": 40,
        "num_layers": 40,
        "eps": 1e-06
    }
}
Loaded model: {
    "model_name": "wan_video_vace",
    "model_class": "diffsynth.models.wan_video_vace.VaceWanModel",
    "extra_kwargs": {
        "vace_layers": [
            0,
            5,
            10,
            15,
            20,
            25,
            30,
            35
        ],
        "vace_in_dim": 96,
        "patch_size": [
            1,
            2,
            2
        ],
        "has_image_input": false,
        "dim": 5120,
        "num_heads": 40,
        "ffn_dim": 13824,
        "eps": 1e-06
    }
}
Loading models from: "/host/space0/guo-z/models/PAI/Wan2.2-VACE-Fun-A14B/models_t5_umt5-xxl-enc-bf16.pth"
Detected non-safetensors files, which may cause slower loading. It's recommended to convert it to a safetensors file.
Loaded model: {
    "model_name": "wan_video_text_encoder",
    "model_class": "diffsynth.models.wan_video_text_encoder.WanTextEncoder",
    "extra_kwargs": null
}
Loading models from: "/host/space0/guo-z/models/PAI/Wan2.2-VACE-Fun-A14B/Wan2.1_VAE.pth"
Detected non-safetensors files, which may cause slower loading. It's recommended to convert it to a safetensors file.
Loaded model: {
    "model_name": "wan_video_vae",
    "model_class": "diffsynth.models.wan_video_vae.WanVideoVAE",
    "extra_kwargs": null
}
Using wan_video_text_encoder from "/host/space0/guo-z/models/PAI/Wan2.2-VACE-Fun-A14B/models_t5_umt5-xxl-enc-bf16.pth".
More than one wan_video_dit models are loaded: ['/host/space0/guo-z/models/PAI/Wan2.2-VACE-Fun-A14B/high_noise_model/diffusion_pytorch_model.safetensors', '/host/space0/guo-z/models/PAI/Wan2.2-VACE-Fun-A14B/low_noise_model/diffusion_pytorch_model.safetensors']. Using wan_video_dit from [
    "/host/space0/guo-z/models/PAI/Wan2.2-VACE-Fun-A14B/high_noise_model/diffusion_pytorch_model.safetensors",
    "/host/space0/guo-z/models/PAI/Wan2.2-VACE-Fun-A14B/low_noise_model/diffusion_pytorch_model.safetensors"
].
Using wan_video_vae from "/host/space0/guo-z/models/PAI/Wan2.2-VACE-Fun-A14B/Wan2.1_VAE.pth".
No wan_video_image_encoder models available. This is not an error.
No wan_video_motion_controller models available. This is not an error.
More than one wan_video_vace models are loaded: ['/host/space0/guo-z/models/PAI/Wan2.2-VACE-Fun-A14B/high_noise_model/diffusion_pytorch_model.safetensors', '/host/space0/guo-z/models/PAI/Wan2.2-VACE-Fun-A14B/low_noise_model/diffusion_pytorch_model.safetensors']. Using wan_video_vace from [
    "/host/space0/guo-z/models/PAI/Wan2.2-VACE-Fun-A14B/high_noise_model/diffusion_pytorch_model.safetensors",
    "/host/space0/guo-z/models/PAI/Wan2.2-VACE-Fun-A14B/low_noise_model/diffusion_pytorch_model.safetensors"
].
No wan_video_vap models available. This is not an error.
No wans2v_audio_encoder models available. This is not an error.
No wan_video_animate_adapter models available. This is not an error.
80 VACE inner Linear layers are runtime-injected by LoRA.
80 VACE inner Linear layers are runtime-injected by LoRA.
80 VACE inner Linear layers are runtime-injected by LoRA.
80 VACE inner Linear layers are runtime-injected by LoRA.
